=== RUN   TestParsePlanFromJWT
--- PASS: TestParsePlanFromJWT (0.00s)
=== RUN   TestParsePlanMissingToken
--- PASS: TestParsePlanMissingToken (0.00s)
=== RUN   TestParsePlanMalformedJWT
--- PASS: TestParsePlanMalformedJWT (0.00s)
=== RUN   TestApplyNewSetsTokenCategoriesFromTotal
--- PASS: TestApplyNewSetsTokenCategoriesFromTotal (0.00s)
PASS
ok  	github.com/codebyNJ/minimo/internal/provider/codex	(cached)
